Rebuild in Admin - Error 500
Fix : 
